// Jest Snapshot v1, https://goo.gl/fbAQLP

exports[`TmBlock.vue has the expected html structure 1`] = `
<div>
  <section class="tm-part">
    <div class="tm-part-container">
      <!---->
      <main class="tm-part-main">
        <div class="tm-li">
          <div class="tm-li-container">
            <div class="tm-li-thumb">
              <!---->
            </div>
            <div class="tm-li-dl">
              <div class="tm-li-dt">
                Block Hash
              </div>
              <div class="tm-li-dd">
                asdf
              </div>
            </div>
          </div>
        </div>
      </main>
    </div>
  </section>
  <section class="tm-part">
    <div class="tm-part-container">
      <header class="tm-part-header">
        <div class="tm-part-header-container">
          <div class="tm-part-title h5">
            Header
          </div>
          <menu class="tm-part-menu"></menu>
        </div>
      </header>
      <main class="tm-part-main">
        <div class="tm-li">
          <div class="tm-li-container">
            <div class="tm-li-thumb">
              <!---->
            </div>
            <div class="tm-li-dl">
              <div class="tm-li-dt">
                Chain ID
              </div>
              <div class="tm-li-dd">
                1
              </div>
            </div>
          </div>
        </div>
        <div class="tm-li">
          <div class="tm-li-container">
            <div class="tm-li-thumb">
              <!---->
            </div>
            <div class="tm-li-dl">
              <div class="tm-li-dt">
                Time
              </div>
              <div class="tm-li-dd">
                January 5th, 1988
              </div>
            </div>
          </div>
        </div>
        <div class="tm-li">
          <div class="tm-li-container">
            <div class="tm-li-thumb">
              <!---->
            </div>
            <div class="tm-li-dl">
              <div class="tm-li-dt">
                Transactions
              </div>
              <div class="tm-li-dd">
                3
              </div>
            </div>
          </div>
        </div>
        <div class="tm-li">
          <div class="tm-li-container">
            <div class="tm-li-thumb">
              <!---->
            </div>
            <div class="tm-li-dl">
              <div class="tm-li-dt">
                Last Commit Hash
              </div>
              <div class="tm-li-dd">
                4
              </div>
            </div>
          </div>
        </div>
        <div class="tm-li">
          <div class="tm-li-container">
            <div class="tm-li-thumb">
              <!---->
            </div>
            <div class="tm-li-dl">
              <div class="tm-li-dt">
                Validators Hash
              </div>
              <div class="tm-li-dd">
                5
              </div>
            </div>
          </div>
        </div>
        <div class="tm-li">
          <div class="tm-li-container">
            <div class="tm-li-thumb">
              <!---->
            </div>
            <div class="tm-li-dl">
              <div class="tm-li-dt">
                App Hash
              </div>
              <div class="tm-li-dd">
                6
              </div>
            </div>
          </div>
        </div>
      </main>
    </div>
  </section>
  <section class="tm-part">
    <div class="tm-part-container">
      <header class="tm-part-header">
        <div class="tm-part-header-container">
          <div class="tm-part-title h5">
            Last Block
          </div>
          <menu class="tm-part-menu"></menu>
        </div>
      </header>
      <main class="tm-part-main">
        <div class="tm-li">
          <div class="tm-li-container">
            <div class="tm-li-thumb">
              <!---->
            </div>
            <div class="tm-li-dl">
              <div class="tm-li-dt">
                Hash
              </div>
              <div class="tm-li-dd">
                7
              </div>
            </div>
          </div>
        </div>
        <div class="tm-li">
          <div class="tm-li-container">
            <div class="tm-li-thumb">
              <!---->
            </div>
            <div class="tm-li-dl">
              <div class="tm-li-dt">
                Parts Total
              </div>
              <div class="tm-li-dd">
                8
              </div>
            </div>
          </div>
        </div>
        <div class="tm-li">
          <div class="tm-li-container">
            <div class="tm-li-thumb">
              <!---->
            </div>
            <div class="tm-li-dl">
              <div class="tm-li-dt">
                Parts Hash
              </div>
              <div class="tm-li-dd">
                9
              </div>
            </div>
          </div>
        </div>
      </main>
    </div>
  </section>
  <section class="tm-part">
    <div class="tm-part-container">
      <header class="tm-part-header">
        <div class="tm-part-header-container">
          <div class="tm-part-title h5">
            Precommit
          </div>
          <menu class="tm-part-menu"></menu>
        </div>
      </header>
      <main class="tm-part-main">
        <div class="tm-li">
          <div class="tm-li-container">
            <div class="tm-li-thumb">
              <!---->
            </div>
            <div class="tm-li-dl">
              <div class="tm-li-dt">
                Address
              </div>
              <div class="tm-li-dd">
                10
              </div>
            </div>
          </div>
        </div>
        <div class="tm-li">
          <div class="tm-li-container">
            <div class="tm-li-thumb">
              <!---->
            </div>
            <div class="tm-li-dl">
              <div class="tm-li-dt">
                Index
              </div>
              <div class="tm-li-dd">
                11
              </div>
            </div>
          </div>
        </div>
        <div class="tm-li">
          <div class="tm-li-container">
            <div class="tm-li-thumb">
              <!---->
            </div>
            <div class="tm-li-dl">
              <div class="tm-li-dt">
                Round
              </div>
              <div class="tm-li-dd">
                12
              </div>
            </div>
          </div>
        </div>
        <div class="tm-li">
          <div class="tm-li-container">
            <div class="tm-li-thumb">
              <!---->
            </div>
            <div class="tm-li-dl">
              <div class="tm-li-dt">
                Sig (13)
              </div>
              <div class="tm-li-dd">
                14
              </div>
            </div>
          </div>
        </div>
      </main>
    </div>
  </section>
  <section class="tm-part">
    <div class="tm-part-container">
      <header class="tm-part-header">
        <div class="tm-part-header-container">
          <div class="tm-part-title h5">
            Transactions
          </div>
          <menu class="tm-part-menu"></menu>
        </div>
      </header>
      <main class="tm-part-main">
        <div class="tm-li-tx">
          <div class="tm-li-tx__icon">
            <img src="../../assets/cosmos-logo.png" style="border-color: #25293f;">
          </div>
          <div class="tm-li-tx__content">
            <p class="tm-li-tx__content__caption">
              <div>
                Sent&nbsp;
                <b>1234</b><span>&nbsp;JBCOINS</span>
              </div>
            </p>
            <div class="tm-li-tx__content__information">
              <div class="tm-li-tx__content__information__details">
                <span>To tb1d4u5zerywfjhxuc9nudvw</span>
              </div>
              <div class="tm-li-tx__content__information__block">
                <a href="https://explorecosmos.network/blocks/3436">Block #3436&nbsp;</a>@ 2:03 am
              </div>
            </div>
          </div>
        </div>
        <div class="tm-li-tx">
          <div class="tm-li-tx__icon">
            <img src="../../assets/cosmos-logo.png" style="border-color: #215c2f;">
          </div>
          <div class="tm-li-tx__content">
            <p class="tm-li-tx__content__caption">
              <div>
                Received&nbsp;
                <b>1234</b><span>&nbsp;JBCOINS</span>
              </div>
            </p>
            <div class="tm-li-tx__content__information">
              <div class="tm-li-tx__content__information__details">
                <span>From tb1d4u5zerywfjhxuc9nudvw</span>
              </div>
              <div class="tm-li-tx__content__information__block">
                <a href="https://explorecosmos.network/blocks/3438">Block #3438&nbsp;</a>@ 2:03 am
              </div>
            </div>
          </div>
        </div>
        <div class="tm-li-tx">
          <div class="tm-li-tx__icon">
            <img src="../../assets/cosmos-logo.png" style="border-color: #25293f;">
          </div>
          <div class="tm-li-tx__content">
            <p class="tm-li-tx__content__caption">
              <div>
                Sent&nbsp;
                <b>1234</b><span>&nbsp;JBCOINS</span>
              </div>
            </p>
            <div class="tm-li-tx__content__information">
              <div class="tm-li-tx__content__information__details">
                <span>To yourself!</span>
              </div>
              <div class="tm-li-tx__content__information__block">
                <a href="https://explorecosmos.network/blocks/466">Block #466&nbsp;</a>@ 2:03 am
              </div>
            </div>
          </div>
        </div>
        <div class="tm-li-tx">
          <div class="tm-li-tx__icon">
            <img src="../../assets/cosmos-logo.png" style="border-color: #512584;">
          </div>
          <div class="tm-li-tx__content">
            <p class="tm-li-tx__content__caption">
              <div>
                Delegated&nbsp;
                <b>4200</b><span>&nbsp;steak</span>
              </div>
            </p>
            <div class="tm-li-tx__content__information">
              <div class="tm-li-tx__content__information__details">
                <div>
                  To&nbsp;
                  <router-link href="/cosmosvaladdr15ky9du8a2wlstz6fpx3p4mqpjyrm5ctqzh8yqw">
                    cool validator
                  </router-link>
                </div>
              </div>
              <div class="tm-li-tx__content__information__block">
                <a href="https://explorecosmos.network/blocks/566">Block #566&nbsp;</a>@ 2:03 am
              </div>
            </div>
          </div>
        </div>
        <div class="tm-li-tx">
          <div class="tm-li-tx__icon">
            <img src="../../assets/cosmos-logo.png" style="border-color: #9d5c19;">
          </div>
          <div class="tm-li-tx__content">
            <p class="tm-li-tx__content__caption">
              <div>
                Unbonded&nbsp;
                <b>100</b><span>&nbsp;Steak</span>
              </div>
            </p>
            <div class="tm-li-tx__content__information">
              <div class="tm-li-tx__content__information__details">
                <div>
                  From&nbsp;
                  <router-link to="/cosmosvaladdr15ky9du8a2wlstz6fpx3p4mqpjyrm5ctqzh8yqw">
                    cool validator
                  </router-link>
                </div>
              </div>
              <div class="tm-li-tx__content__information__block">
                <a href="https://explorecosmos.network/blocks/566">Block #566&nbsp;</a>@ 2:03 am
              </div>
            </div>
          </div>
        </div>
      </main>
    </div>
  </section>
</div>
`;
