// Jest Snapshot v1, https://goo.gl/fbAQLP

exports[`TmCountdown.vue has the expected html structure 1`] = `
<div class="tm-countdown">
  <div class="tm-kvs">
    <div class="tm-kv">
      <div class="tm-kv-value">
        624
      </div>
      <div class="tm-kv-key">
        D
      </div>
    </div>
    <div class="tm-kv">
      <div class="tm-kv-value">
        03
      </div>
      <div class="tm-kv-key">
        H
      </div>
    </div>
    <div class="tm-kv">
      <div class="tm-kv-value">
        01
      </div>
      <div class="tm-kv-key">
        M
      </div>
    </div>
    <div class="tm-kv">
      <div class="tm-kv-value">
        37
      </div>
      <div class="tm-kv-key">
        S
      </div>
    </div>
  </div>
</div>
`;
