// Jest Snapshot v1, https://goo.gl/fbAQLP

exports[`TmField.vue has the expected html structure 1`] = `<input class="tm-field">`;
