// Jest Snapshot v1, https://goo.gl/fbAQLP

exports[`TmLiTransaction has the expected html structure 1`] = `
<div
  class="tm-li-tx"
>
  <div
    class="tm-li-tx__icon"
  >
    <img
      src="../../assets/cosmos-logo.png"
      style="border-color: #ffffff;"
    />
  </div>
  <div
    class="tm-li-tx__content"
  >
    <p
      class="tm-li-tx__content__caption"
    >
      <span>
        Some Caption
      </span>
    </p>
    <div
      class="tm-li-tx__content__information"
    >
      <div
        class="tm-li-tx__content__information__details"
      >
        <span>
          Some Details
        </span>
      </div>
      <div
        class="tm-li-tx__content__information__block"
      >
        <a
          href="https://explorecosmos.network/blocks/500"
        >
          Block #500Â 
        </a>
        @ 2:03 am
      </div>
    </div>
  </div>
</div>
`;
