// Jest Snapshot v1, https://goo.gl/fbAQLP

exports[`TmPage has the expected html structure 1`] = `
<div
  class="tm-page"
  icon="hello_icon"
>
  <header
    class="tm-page-header"
  >
    <div
      class="tm-page-header-container"
    >
      <div
        class="tm-page-header-text"
      >
        <div
          class="tm-page-header-title"
        >
          <h2>
            Title
          </h2>
        </div>
        <div
          class="tm-page-header-subtitle"
        >
          <h3>
            Subtitle
          </h3>
        </div>
        <!---->
      </div>
      <menu
        class="tm-page-header-menu"
      >
        <div />
      </menu>
    </div>
  </header>
  <main
    class="tm-page-main ps"
  >
    <div
      class="ps__rail-x"
      style="left: 0px; top: 0px;"
    >
      <div
        class="ps__thumb-x"
        style="left: 0px; width: 0px;"
        tabindex="0"
      />
    </div>
    <div
      class="ps__rail-y"
      style="top: 0px; left: 0px;"
    >
      <div
        class="ps__thumb-y"
        style="top: 0px; height: 0px;"
        tabindex="0"
      />
    </div>
  </main>
</div>
`;
